// Jest Snapshot v1, https://goo.gl/fbAQLP

exports[`Slider Component updates value when slider thumb is moved 1`] = `
<input
  aria-orientation="horizontal"
  aria-valuemax="10"
  aria-valuemin="0"
  aria-valuenow="3"
  data-index="0"
  max="10"
  min="0"
  step="1"
  style="border: 0px; height: 100%; margin: -1px; overflow: hidden; padding: 0px; position: absolute; white-space: nowrap; width: 100%; direction: ltr;"
  type="range"
  value="3"
/>
`;

exports[`slider Component updates value when slider thumb is moved 1`] = `
<input
  aria-orientation="horizontal"
  aria-valuemax="10"
  aria-valuemin="0"
  aria-valuenow="3"
  data-index="0"
  max="10"
  min="0"
  step="1"
  style="border: 0px; height: 100%; margin: -1px; overflow: hidden; padding: 0px; position: absolute; white-space: nowrap; width: 100%; direction: ltr;"
  type="range"
  value="3"
/>
`;

exports[`updates value when slider thumb is moved 1`] = `
<input
  aria-orientation="horizontal"
  aria-valuemax="10"
  aria-valuemin="0"
  aria-valuenow="3"
  data-index="0"
  max="10"
  min="0"
  step="1"
  style="border: 0px; height: 100%; margin: -1px; overflow: hidden; padding: 0px; position: absolute; white-space: nowrap; width: 100%; direction: ltr;"
  type="range"
  value="3"
/>
`;
